device=cuda run=run-001 params={'total': 4020358, 'trainable': 4020358, 'frozen': 0}
train=8580 val=1839 epochs=20 bs=32
epoch  1/20 [head     ] loss 1.2507 acc 0.6851 | val_loss 0.8280 val_acc 0.8162 | 125s
epoch  2/20 [head     ] loss 0.9076 acc 0.7849 | val_loss 0.7451 val_acc 0.8439 | 59s
epoch  3/20 [head     ] loss 0.8619 acc 0.7944 | val_loss 0.7094 val_acc 0.8521 | 74s
epoch  4/20 [head     ] loss 0.8591 acc 0.7969 | val_loss 0.6995 val_acc 0.8575 | 73s
epoch  5/20 [head     ] loss 0.8235 acc 0.8117 | val_loss 0.7004 val_acc 0.8603 | 72s
epoch  6/20 [finetune ] loss 0.6792 acc 0.8677 | val_loss 0.5718 val_acc 0.9081 | 82s
epoch  7/20 [finetune ] loss 0.5574 acc 0.9170 | val_loss 0.5262 val_acc 0.9233 | 63s
epoch  8/20 [finetune ] loss 0.4925 acc 0.9396 | val_loss 0.4983 val_acc 0.9271 | 60s
epoch  9/20 [finetune ] loss 0.4580 acc 0.9523 | val_loss 0.4668 val_acc 0.9347 | 66s
epoch 10/20 [finetune ] loss 0.4290 acc 0.9636 | val_loss 0.4587 val_acc 0.9467 | 66s
epoch 11/20 [finetune ] loss 0.4137 acc 0.9689 | val_loss 0.4560 val_acc 0.9462 | 68s
epoch 12/20 [finetune ] loss 0.3914 acc 0.9768 | val_loss 0.4398 val_acc 0.9505 | 77s
epoch 13/20 [finetune ] loss 0.3810 acc 0.9810 | val_loss 0.4416 val_acc 0.9467 | 65s
epoch 14/20 [finetune ] loss 0.3740 acc 0.9831 | val_loss 0.4332 val_acc 0.9532 | 76s
epoch 15/20 [finetune ] loss 0.3672 acc 0.9823 | val_loss 0.4313 val_acc 0.9505 | 82s
epoch 16/20 [finetune ] loss 0.3593 acc 0.9857 | val_loss 0.4192 val_acc 0.9592 | 65s
epoch 17/20 [finetune ] loss 0.3522 acc 0.9878 | val_loss 0.4168 val_acc 0.9570 | 67s
epoch 18/20 [finetune ] loss 0.3451 acc 0.9907 | val_loss 0.4164 val_acc 0.9581 | 70s
epoch 19/20 [finetune ] loss 0.3460 acc 0.9894 | val_loss 0.4143 val_acc 0.9608 | 66s
epoch 20/20 [finetune ] loss 0.3370 acc 0.9927 | val_loss 0.4033 val_acc 0.9619 | 68s
done. best val acc 0.9619 -> C:\EcoSort\artifacts\runs\run-001
